01:09:19 **** Incremental Build of configuration Debug for project CapacitortesterTest ****
make -j12 all 
arm-none-eabi-gcc "../Core/Src/main.c" -mcpu=cortex-m4 -std=gnu11 -g3 -DDEBUG -DUSE_HAL_DRIVER -DSTM32F401xC -c -I../Core/Inc -I../Drivers/STM32F4xx_HAL_Driver/Inc -I../Drivers/STM32F4xx_HAL_Driver/Inc/Legacy -I../Drivers/CMSIS/Device/ST/STM32F4xx/Include -I../Drivers/CMSIS/Include -O0 -ffunction-sections -fdata-sections -Wall -fstack-usage -MMD -MP -MF"Core/Src/main.d" -MT"Core/Src/main.o" --specs=nano.specs -mfpu=fpv4-sp-d16 -mfloat-abi=hard -mthumb -o "Core/Src/main.o"
arm-none-eabi-gcc -o "CapacitortesterTest.elf" @"objects.list"   -mcpu=cortex-m4 -T"D:\Progarms\progs\ST\MegaTester\CapacitortesterTest\STM32F401CCUX_FLASH.ld" --specs=nosys.specs -Wl,-Map="CapacitortesterTest.map" -Wl,--gc-sections -static --specs=nano.specs -mfpu=fpv4-sp-d16 -mfloat-abi=hard -mthumb -Wl,--start-group -lc -lm -Wl,--end-group
Finished building target: CapacitortesterTest.elf
 
arm-none-eabi-size   CapacitortesterTest.elf 
arm-none-eabi-objdump -h -S  CapacitortesterTest.elf  > "CapacitortesterTest.list"
   text	   data	    bss	    dec	    hex	filename
  13320	     28	   1748	  15096	   3af8	CapacitortesterTest.elf
Finished building: default.size.stdout
 
Finished building: CapacitortesterTest.list
 

01:09:19 Build Finished. 0 errors, 0 warnings. (took 551ms)

