12:37:13 **** Incremental Build of configuration Debug for project DiodetesterTest ****
make -j12 all 
arm-none-eabi-gcc "../Core/Src/main.c" -mcpu=cortex-m4 -std=gnu11 -g3 -DDEBUG -DUSE_HAL_DRIVER -DSTM32F401xC -c -I../Core/Inc -I../Drivers/STM32F4xx_HAL_Driver/Inc -I../Drivers/STM32F4xx_HAL_Driver/Inc/Legacy -I../Drivers/CMSIS/Device/ST/STM32F4xx/Include -I../Drivers/CMSIS/Include -O0 -ffunction-sections -fdata-sections -Wall -fstack-usage -MMD -MP -MF"Core/Src/main.d" -MT"Core/Src/main.o" --specs=nano.specs -mfpu=fpv4-sp-d16 -mfloat-abi=hard -mthumb -o "Core/Src/main.o"
arm-none-eabi-gcc -o "DiodetesterTest.elf" @"objects.list"   -mcpu=cortex-m4 -T"D:\Progarms\progs\ST\MegaTester\DiodetesterTest\STM32F401CCUX_FLASH.ld" --specs=nosys.specs -Wl,-Map="DiodetesterTest.map" -Wl,--gc-sections -static --specs=nano.specs -mfpu=fpv4-sp-d16 -mfloat-abi=hard -mthumb -Wl,--start-group -lc -lm -Wl,--end-group
Finished building target: DiodetesterTest.elf
 
arm-none-eabi-size   DiodetesterTest.elf 
arm-none-eabi-objdump -h -S  DiodetesterTest.elf  > "DiodetesterTest.list"
   text	   data	    bss	    dec	    hex	filename
  13384	     28	   1748	  15160	   3b38	DiodetesterTest.elf
Finished building: default.size.stdout
 
Finished building: DiodetesterTest.list
 

12:37:14 Build Finished. 0 errors, 0 warnings. (took 605ms)

